../Core/Src/main.c:84:6:MPU_init	32	static
../Core/Src/main.c:104:6:Read_Accel	16	static
../Core/Src/main.c:110:6:Read_Gyro	16	static
../Core/Src/main.c:117:6:Send_data	40	static
../Core/Src/main.c:128:5:main	8	static
../Core/Src/main.c:181:6:SystemClock_Config	88	static
../Core/Src/main.c:227:13:MX_I2C1_Init	8	static
../Core/Src/main.c:275:13:MX_USART3_UART_Init	8	static
../Core/Src/main.c:308:13:MX_GPIO_Init	56	static
../Core/Src/main.c:359:6:HAL_I2C_MemRxCpltCallback	16	static
../Core/Src/main.c:388:6:Error_Handler	4	static,ignoring_inline_asm
